[
  "todos",
  "campaigns",
  "auth",
  "payments",
  "users",
  "launches",
  "metrics",
  "settings",
  "projects",
  "refactor",
  "support",
  "runtime"
] 